// Jest Snapshot v1, https://goo.gl/fbAQLP

exports[`renders the GradientBackground 1`] = `
<ViewManagerAdapter_ExpoLinearGradient
  proxiedProperties={
    Object {
      "colors": Array [
        4294222433,
        4279507499,
      ],
      "endPoint": undefined,
      "locations": undefined,
      "startPoint": undefined,
    }
  }
  style={
    Array [
      Object {
        "alignItems": "center",
        "flexBasis": 0,
        "flexGrow": 1,
        "flexShrink": 1,
        "justifyContent": "center",
      },
      undefined,
    ]
  }
/>
`;
