// Jest Snapshot v1, https://goo.gl/fbAQLP

exports[`renders Stats 1`] = `
<View
  height={215}
  pokemonstats={Array []}
  style={
    Array [
      Object {
        "backgroundColor": "#c4c4c4",
        "paddingBottom": 0,
        "paddingLeft": 4,
        "paddingRight": 4,
        "paddingTop": 4,
      },
      undefined,
    ]
  }
  width={346}
>
  <View
    style={
      Array [
        Object {
          "backgroundColor": "#fff",
          "flexBasis": 0,
          "flexDirection": "row",
          "flexGrow": 1,
          "flexShrink": 1,
        },
        undefined,
      ]
    }
  />
  <View
    style={
      Array [
        Object {
          "flexDirection": "row",
        },
        undefined,
      ]
    }
  >
    <View
      style={
        Array [
          Object {
            "alignItems": "center",
            "flexBasis": 0,
            "flexGrow": 1,
            "flexShrink": 1,
            "height": 10,
            "justifyContent": "center",
          },
          undefined,
        ]
      }
    />
    <View
      style={
        Array [
          Object {
            "alignItems": "center",
            "flexBasis": 0,
            "flexGrow": 1,
            "flexShrink": 1,
            "height": 10,
            "justifyContent": "center",
          },
          undefined,
        ]
      }
    />
    <View
      style={
        Array [
          Object {
            "alignItems": "center",
            "flexBasis": 0,
            "flexGrow": 1,
            "flexShrink": 1,
            "height": 10,
            "justifyContent": "center",
          },
          undefined,
        ]
      }
    />
    <View
      style={
        Array [
          Object {
            "alignItems": "center",
            "flexBasis": 0,
            "flexGrow": 1,
            "flexShrink": 1,
            "height": 10,
            "justifyContent": "center",
          },
          undefined,
        ]
      }
    />
    <View
      style={
        Array [
          Object {
            "alignItems": "center",
            "flexBasis": 0,
            "flexGrow": 1,
            "flexShrink": 1,
            "height": 10,
            "justifyContent": "center",
          },
          undefined,
        ]
      }
    />
    <View
      style={
        Array [
          Object {
            "alignItems": "center",
            "flexBasis": 0,
            "flexGrow": 1,
            "flexShrink": 1,
            "height": 10,
            "justifyContent": "center",
          },
          undefined,
        ]
      }
    />
  </View>
</View>
`;
